-                "description": "Example of parameter not generated",